// Jest Snapshot v1, https://goo.gl/fbAQLP

exports[`Table component renders a table with playerData 1`] = `
.emotion-54 {
  border-collapse: collapse;
  margin: 0 auto;
  background-color: #fff;
}

.emotion-10 {
  border-bottom: 2px solid #333;
}

.emotion-0 {
  text-align: center;
  padding: 0.5rem;
}

.emotion-24 {
  background-color: #fff;
}

.emotion-14 {
  text-align: left;
  padding: 0.5rem;
}

.emotion-12 {
  background-color: #20bf6b;
  color: white;
  border-radius: 50%;
  width: 50px;
  height: 50px;
  display: -webkit-box;
  display: -webkit-flex;
  display: -ms-flexbox;
  display: flex;
  -webkit-box-pack: center;
  -webkit-justify-content: center;
  -ms-flex-pack: center;
  justify-content: center;
  -webkit-align-items: center;
  -webkit-box-align: center;
  -ms-flex-align: center;
  align-items: center;
}

.emotion-20 {
  text-align: right;
  padding: 0.5rem;
}

.emotion-26 {
  background-color: #eb3b5a;
  color: white;
  border-radius: 50%;
  width: 50px;
  height: 50px;
  display: -webkit-box;
  display: -webkit-flex;
  display: -ms-flexbox;
  display: flex;
  -webkit-box-pack: center;
  -webkit-justify-content: center;
  -ms-flex-pack: center;
  justify-content: center;
  -webkit-align-items: center;
  -webkit-box-align: center;
  -ms-flex-align: center;
  align-items: center;
}

.emotion-40 {
  background-color: #3867d6;
  color: white;
  border-radius: 50%;
  width: 50px;
  height: 50px;
  display: -webkit-box;
  display: -webkit-flex;
  display: -ms-flexbox;
  display: flex;
  -webkit-box-pack: center;
  -webkit-justify-content: center;
  -ms-flex-pack: center;
  justify-content: center;
  -webkit-align-items: center;
  -webkit-box-align: center;
  -ms-flex-align: center;
  align-items: center;
}

<div>
  <table
    class="emotion-54 emotion-55"
  >
    <thead
      class="emotion-10 emotion-11"
    >
      <tr>
        <th
          class="emotion-0 emotion-1"
        />
        <th
          class="emotion-0 emotion-1"
        />
        <th
          class="emotion-0 emotion-1"
        />
        <th
          class="emotion-0 emotion-1"
        />
        <th
          class="emotion-0 emotion-1"
        />
      </tr>
    </thead>
    <tbody>
      <tr
        class="emotion-24 emotion-25"
      >
        <td
          class="emotion-14 emotion-1"
        >
          <div
            class="emotion-12 emotion-13"
          >
            <span>
              RW
              1
            </span>
          </div>
        </td>
        <td
          class="emotion-14 emotion-1"
        >
          nikita kucherov
        </td>
        <td
          class="emotion-14 emotion-1"
        >
          TB
        </td>
        <td
          class="emotion-20 emotion-1"
        >
          88.63
        </td>
        <td
          class="emotion-14 emotion-1"
        >
          <input
            type="checkbox"
          />
        </td>
      </tr>
      <tr
        class="emotion-24 emotion-25"
      >
        <td
          class="emotion-14 emotion-1"
        >
          <div
            class="emotion-26 emotion-13"
          >
            <span>
              LW
              1
            </span>
          </div>
        </td>
        <td
          class="emotion-14 emotion-1"
        >
          brad marchand
        </td>
        <td
          class="emotion-14 emotion-1"
        >
          BOS
        </td>
        <td
          class="emotion-20 emotion-1"
        >
          86.16
        </td>
        <td
          class="emotion-14 emotion-1"
        >
          <input
            type="checkbox"
          />
        </td>
      </tr>
      <tr
        class="emotion-24 emotion-25"
      >
        <td
          class="emotion-14 emotion-1"
        >
          <div
            class="emotion-40 emotion-13"
          >
            <span>
              C
              2
            </span>
          </div>
        </td>
        <td
          class="emotion-14 emotion-1"
        >
          nathan mackinnon
        </td>
        <td
          class="emotion-14 emotion-1"
        >
          COL
        </td>
        <td
          class="emotion-20 emotion-1"
        >
          86.10
        </td>
        <td
          class="emotion-14 emotion-1"
        >
          <input
            type="checkbox"
          />
        </td>
      </tr>
    </tbody>
  </table>
</div>
`;
